// Jest Snapshot v1, https://goo.gl/fbAQLP

exports[`BrandLogo dashboard defined 1`] = `
<a
  className="mx-auto"
  href="https://learn.hkmooc.hk/dashboard"
>
  <img
    alt="edX, Inc. Dashboard"
    className="logo py-3"
    src="https://learn.hkmooc.hk/static/hkmooc/images/logo.png"
  />
</a>
`;

exports[`BrandLogo dashboard undefined 1`] = `
<a
  className="mx-auto"
  href="https://learn.hkmooc.hk/dashboard"
>
  <img
    alt="edX, Inc. Dashboard"
    className="logo py-3"
    src="https://learn.hkmooc.hk/static/hkmooc/images/logo.png"
  />
</a>
`;
