// Jest Snapshot v1, https://goo.gl/fbAQLP

exports[`ExpandedHeader render 1`] = `
<header
  className="d-flex shadow-sm align-items-center learner-variant-header pl-4"
>
  <div
    className="flex-grow-1 d-flex align-items-center"
  >
    <BrandLogo />
    <Button
      as="a"
      className="p-4 course-link"
      href="/"
      variant="inverse-primary"
    >
      Courses
    </Button>
    <span
      className="flex-grow-1"
    />
  </div>
  <AuthenticatedUserDropdown />
</header>
`;

exports[`ExpandedHeader render empty if collapsed 1`] = `""`;
